// Jest Snapshot v1, https://goo.gl/fbAQLP

exports[`FeedbackBox renders the UI snapshot correctly 1`] = `
<div
  className="css-1xdhyk6"
  data-testid="ds-feedbackBox"
  id="test-id"
>
  <button
    className="chakra-button css-1xdhyk6"
    data-testid="ds-button"
    id="test-id-feedback-open"
    onClick={[Function]}
    type="button"
  >
    Help and Feeback
  </button>
</div>
`;
