// Jest Snapshot v1, https://goo.gl/fbAQLP

exports[`Tabs Renders the UI snapshot correctly 1`] = `
<div
  className="chakra-tabs css-0"
  id="b9759642-998d-4a3c-a4b4-d54516f2d06e"
>
  <div
    className="css-0"
  >
    <button
      aria-label="Previous"
      className="chakra-button button  css-0"
      type="button"
    >
      <div
        aria-hidden={true}
        className="icon icon--small icon--rotate-90 "
        id="f1327b35-d14c-47dd-92f2-fc11d28037fd"
        role="img"
        title={null}
      />
    </button>
    <div
      aria-orientation="horizontal"
      className="chakra-tabs__tablist css-k008qs"
      onKeyDown={[Function]}
      role="tablist"
    >
      <button
        aria-controls="b9759642-998d-4a3c-a4b4-d54516f2d06e--tabpanel--1"
        aria-selected={false}
        className="chakra-tabs__tab css-5wl5ud"
        id="b9759642-998d-4a3c-a4b4-d54516f2d06e--tab--1"
        onClick={[Function]}
        onFocus={[Function]}
        role="tab"
        tabIndex={-1}
        type="button"
      >
        Tom Nook
      </button>
      <button
        aria-controls="b9759642-998d-4a3c-a4b4-d54516f2d06e--tabpanel--1"
        aria-selected={false}
        className="chakra-tabs__tab css-5wl5ud"
        id="b9759642-998d-4a3c-a4b4-d54516f2d06e--tab--1"
        onClick={[Function]}
        onFocus={[Function]}
        role="tab"
        tabIndex={-1}
        type="button"
      >
        Isabelle
      </button>
      <button
        aria-controls="b9759642-998d-4a3c-a4b4-d54516f2d06e--tabpanel--1"
        aria-selected={false}
        className="chakra-tabs__tab css-5wl5ud"
        id="b9759642-998d-4a3c-a4b4-d54516f2d06e--tab--1"
        onClick={[Function]}
        onFocus={[Function]}
        role="tab"
        tabIndex={-1}
        type="button"
      >
        K.K. Slider
      </button>
    </div>
    <button
      aria-label="Next"
      className="chakra-button button  css-0"
      type="button"
    >
      <div
        aria-hidden={true}
        className="icon icon--small icon--rotate-270 "
        id="e9666221-319b-42d9-b975-0d662926dcbe"
        role="img"
        title={null}
      />
    </button>
  </div>
  <div
    className="chakra-tabs__tab-panels css-8atqhb"
  >
    <div
      aria-labelledby="b9759642-998d-4a3c-a4b4-d54516f2d06e--tab-0"
      className="chakra-tabs__tab-panel css-sjt5nk"
      hidden={false}
      id="b9759642-998d-4a3c-a4b4-d54516f2d06e--tabpanel-0"
      role="tabpanel"
      tabIndex={0}
    >
      <p>
        Tom Nook, 
        <b>
          known in Japan as Tanukichi
        </b>
        , is a fictional character in the Animal Crossing series who operates the village store.
      </p>
    </div>
    <div
      aria-labelledby="b9759642-998d-4a3c-a4b4-d54516f2d06e--tab-1"
      className="chakra-tabs__tab-panel css-sjt5nk"
      dangerouslySetInnerHTML={
        Object {
          "__html": "Isabelle, known as Shizue in Japan, is a fictional character from the Animal Crossing series of video games. She is a kindly Shih Tzu that debuted in the 2012 release Animal Crossing: New Leaf, where she serves as the secretary to the player character.",
        }
      }
      hidden={true}
      id="b9759642-998d-4a3c-a4b4-d54516f2d06e--tabpanel-1"
      role="tabpanel"
      tabIndex={0}
    />
    <div
      aria-labelledby="b9759642-998d-4a3c-a4b4-d54516f2d06e--tab-2"
      className="chakra-tabs__tab-panel css-sjt5nk"
      dangerouslySetInnerHTML={
        Object {
          "__html": "<p>Totakeke, more commonly known as <b>K.K. Slider or K.K.</b>, is a fictional character within the Animal Crossing franchise. One of the franchise's most popular characters, he debuted in the title Animal Crossing, and has appeared in every installment since.</p>",
        }
      }
      hidden={true}
      id="b9759642-998d-4a3c-a4b4-d54516f2d06e--tabpanel-2"
      role="tabpanel"
      tabIndex={0}
    />
  </div>
</div>
`;
