// Jest Snapshot v1, https://goo.gl/fbAQLP

exports[`Table renders the UI snapshot correctly 1`] = `
<table
  className="chakra-table css-1xdhyk6"
  id="basic"
  role="table"
>
  <thead
    className="css-0"
  >
    <tr
      className="css-0"
      role="row"
    >
      <th
        className="css-0"
        scope="col"
      >
        First Name
      </th>
      <th
        className="css-0"
        scope="col"
      >
        Last Name
      </th>
      <th
        className="css-0"
        scope="col"
      >
        Nick Name
      </th>
      <th
        className="css-0"
        scope="col"
      >
        Address1
      </th>
      <th
        className="css-0"
        scope="col"
      >
        City
      </th>
      <th
        className="css-0"
        scope="col"
      >
        Zipcode
      </th>
      <th
        className="css-0"
        scope="col"
      >
        State
      </th>
    </tr>
  </thead>
  <tbody
    className="css-0"
  >
    <tr
      className="css-0"
      role="row"
    >
      <td
        className="css-0"
        role="gridcell"
      >
        <span>
          First Name
        </span>
        <span>
          Tom
        </span>
      </td>
      <td
        className="css-0"
        role="gridcell"
      >
        <span>
          Last Name
        </span>
        <span>
          Nook
        </span>
      </td>
      <td
        className="css-0"
        role="gridcell"
      >
        <span>
          Nick Name
        </span>
        <span>
          Tanukichi
        </span>
      </td>
      <td
        className="css-0"
        role="gridcell"
      >
        <span>
          Address1
        </span>
        <span>
          Main Street
        </span>
      </td>
      <td
        className="css-0"
        role="gridcell"
      >
        <span>
          City
        </span>
        <span>
          New York
        </span>
      </td>
      <td
        className="css-0"
        role="gridcell"
      >
        <span>
          Zipcode
        </span>
        <span>
          23458
        </span>
      </td>
      <td
        className="css-0"
        role="gridcell"
      >
        <span>
          State
        </span>
        <span>
          NY
        </span>
      </td>
    </tr>
    <tr
      className="css-0"
      role="row"
    >
      <td
        className="css-0"
        role="gridcell"
      >
        <span>
          First Name
        </span>
        <span>
          Isabelle
        </span>
      </td>
      <td
        className="css-0"
        role="gridcell"
      >
        <span>
          Last Name
        </span>
        <span>
          -
        </span>
      </td>
      <td
        className="css-0"
        role="gridcell"
      >
        <span>
          Nick Name
        </span>
        <span>
          Shizue
        </span>
      </td>
      <td
        className="css-0"
        role="gridcell"
      >
        <span>
          Address1
        </span>
        <span>
          Walnut Street
        </span>
      </td>
      <td
        className="css-0"
        role="gridcell"
      >
        <span>
          City
        </span>
        <span>
          New York
        </span>
      </td>
      <td
        className="css-0"
        role="gridcell"
      >
        <span>
          Zipcode
        </span>
        <span>
          23458
        </span>
      </td>
      <td
        className="css-0"
        role="gridcell"
      >
        <span>
          State
        </span>
        <span>
          NY
        </span>
      </td>
    </tr>
    <tr
      className="css-0"
      role="row"
    >
      <td
        className="css-0"
        role="gridcell"
      >
        <span>
          First Name
        </span>
        <span>
          K.K.
        </span>
      </td>
      <td
        className="css-0"
        role="gridcell"
      >
        <span>
          Last Name
        </span>
        <span>
          Slider
        </span>
      </td>
      <td
        className="css-0"
        role="gridcell"
      >
        <span>
          Nick Name
        </span>
        <span>
          Totakeke
        </span>
      </td>
      <td
        className="css-0"
        role="gridcell"
      >
        <span>
          Address1
        </span>
        <span>
          Niper Place
        </span>
      </td>
      <td
        className="css-0"
        role="gridcell"
      >
        <span>
          City
        </span>
        <span>
          New York
        </span>
      </td>
      <td
        className="css-0"
        role="gridcell"
      >
        <span>
          Zipcode
        </span>
        <span>
          98765
        </span>
      </td>
      <td
        className="css-0"
        role="gridcell"
      >
        <span>
          State
        </span>
        <span>
          NY
        </span>
      </td>
    </tr>
    <tr
      className="css-0"
      role="row"
    >
      <td
        className="css-0"
        role="gridcell"
      >
        <span>
          First Name
        </span>
        <span>
          Sonny
        </span>
      </td>
      <td
        className="css-0"
        role="gridcell"
      >
        <span>
          Last Name
        </span>
        <span>
          Resetti
        </span>
      </td>
      <td
        className="css-0"
        role="gridcell"
      >
        <span>
          Nick Name
        </span>
        <span>
          Risetto san
        </span>
      </td>
      <td
        className="css-0"
        role="gridcell"
      >
        <span>
          Address1
        </span>
        <span>
          Village Road
        </span>
      </td>
      <td
        className="css-0"
        role="gridcell"
      >
        <span>
          City
        </span>
        <span>
          New York
        </span>
      </td>
      <td
        className="css-0"
        role="gridcell"
      >
        <span>
          Zipcode
        </span>
        <span>
          09873
        </span>
      </td>
      <td
        className="css-0"
        role="gridcell"
      >
        <span>
          State
        </span>
        <span>
          NY
        </span>
      </td>
    </tr>
  </tbody>
</table>
`;

exports[`Table renders the UI snapshot correctly 2`] = `
<table
  className="chakra-table css-1xdhyk6"
  id="withCaption"
  role="table"
>
  <caption
    className="css-18i7bby"
  >
    this is the caption
  </caption>
  <thead
    className="css-0"
  >
    <tr
      className="css-0"
      role="row"
    >
      <th
        className="css-0"
        scope="col"
      >
        First Name
      </th>
      <th
        className="css-0"
        scope="col"
      >
        Last Name
      </th>
      <th
        className="css-0"
        scope="col"
      >
        Nick Name
      </th>
      <th
        className="css-0"
        scope="col"
      >
        Address1
      </th>
      <th
        className="css-0"
        scope="col"
      >
        City
      </th>
      <th
        className="css-0"
        scope="col"
      >
        Zipcode
      </th>
      <th
        className="css-0"
        scope="col"
      >
        State
      </th>
    </tr>
  </thead>
  <tbody
    className="css-0"
  >
    <tr
      className="css-0"
      role="row"
    >
      <td
        className="css-0"
        role="gridcell"
      >
        Tom
      </td>
      <td
        className="css-0"
        role="gridcell"
      >
        Nook
      </td>
      <td
        className="css-0"
        role="gridcell"
      >
        Tanukichi
      </td>
      <td
        className="css-0"
        role="gridcell"
      >
        Main Street
      </td>
      <td
        className="css-0"
        role="gridcell"
      >
        New York
      </td>
      <td
        className="css-0"
        role="gridcell"
      >
        23458
      </td>
      <td
        className="css-0"
        role="gridcell"
      >
        NY
      </td>
    </tr>
    <tr
      className="css-0"
      role="row"
    >
      <td
        className="css-0"
        role="gridcell"
      >
        Isabelle
      </td>
      <td
        className="css-0"
        role="gridcell"
      >
        -
      </td>
      <td
        className="css-0"
        role="gridcell"
      >
        Shizue
      </td>
      <td
        className="css-0"
        role="gridcell"
      >
        Walnut Street
      </td>
      <td
        className="css-0"
        role="gridcell"
      >
        New York
      </td>
      <td
        className="css-0"
        role="gridcell"
      >
        23458
      </td>
      <td
        className="css-0"
        role="gridcell"
      >
        NY
      </td>
    </tr>
    <tr
      className="css-0"
      role="row"
    >
      <td
        className="css-0"
        role="gridcell"
      >
        K.K.
      </td>
      <td
        className="css-0"
        role="gridcell"
      >
        Slider
      </td>
      <td
        className="css-0"
        role="gridcell"
      >
        Totakeke
      </td>
      <td
        className="css-0"
        role="gridcell"
      >
        Niper Place
      </td>
      <td
        className="css-0"
        role="gridcell"
      >
        New York
      </td>
      <td
        className="css-0"
        role="gridcell"
      >
        98765
      </td>
      <td
        className="css-0"
        role="gridcell"
      >
        NY
      </td>
    </tr>
    <tr
      className="css-0"
      role="row"
    >
      <td
        className="css-0"
        role="gridcell"
      >
        Sonny
      </td>
      <td
        className="css-0"
        role="gridcell"
      >
        Resetti
      </td>
      <td
        className="css-0"
        role="gridcell"
      >
        Risetto san
      </td>
      <td
        className="css-0"
        role="gridcell"
      >
        Village Road
      </td>
      <td
        className="css-0"
        role="gridcell"
      >
        New York
      </td>
      <td
        className="css-0"
        role="gridcell"
      >
        09873
      </td>
      <td
        className="css-0"
        role="gridcell"
      >
        NY
      </td>
    </tr>
  </tbody>
</table>
`;

exports[`Table renders the UI snapshot correctly 3`] = `
<table
  className="chakra-table css-1xdhyk6"
  id="withHeaders"
  role="table"
>
  <caption
    className="css-18i7bby"
  >
    this is the caption
  </caption>
  <thead
    className="css-0"
  >
    <tr
      className="css-0"
      role="row"
    >
      <th
        className="css-0"
        scope="col"
      >
        First Name
      </th>
      <th
        className="css-0"
        scope="col"
      >
        Last Name
      </th>
      <th
        className="css-0"
        scope="col"
      >
        Nick Name
      </th>
      <th
        className="css-0"
        scope="col"
      >
        Address1
      </th>
      <th
        className="css-0"
        scope="col"
      >
        City
      </th>
      <th
        className="css-0"
        scope="col"
      >
        Zipcode
      </th>
      <th
        className="css-0"
        scope="col"
      >
        State
      </th>
    </tr>
  </thead>
  <tbody
    className="css-0"
  >
    <tr
      className="css-0"
      role="row"
    >
      <td
        className="css-0"
        role="gridcell"
      >
        <span>
          First Name
        </span>
        <span>
          Tom
        </span>
      </td>
      <td
        className="css-0"
        role="gridcell"
      >
        <span>
          Last Name
        </span>
        <span>
          Nook
        </span>
      </td>
      <td
        className="css-0"
        role="gridcell"
      >
        <span>
          Nick Name
        </span>
        <span>
          Tanukichi
        </span>
      </td>
      <td
        className="css-0"
        role="gridcell"
      >
        <span>
          Address1
        </span>
        <span>
          Main Street
        </span>
      </td>
      <td
        className="css-0"
        role="gridcell"
      >
        <span>
          City
        </span>
        <span>
          New York
        </span>
      </td>
      <td
        className="css-0"
        role="gridcell"
      >
        <span>
          Zipcode
        </span>
        <span>
          23458
        </span>
      </td>
      <td
        className="css-0"
        role="gridcell"
      >
        <span>
          State
        </span>
        <span>
          NY
        </span>
      </td>
    </tr>
    <tr
      className="css-0"
      role="row"
    >
      <td
        className="css-0"
        role="gridcell"
      >
        <span>
          First Name
        </span>
        <span>
          Isabelle
        </span>
      </td>
      <td
        className="css-0"
        role="gridcell"
      >
        <span>
          Last Name
        </span>
        <span>
          -
        </span>
      </td>
      <td
        className="css-0"
        role="gridcell"
      >
        <span>
          Nick Name
        </span>
        <span>
          Shizue
        </span>
      </td>
      <td
        className="css-0"
        role="gridcell"
      >
        <span>
          Address1
        </span>
        <span>
          Walnut Street
        </span>
      </td>
      <td
        className="css-0"
        role="gridcell"
      >
        <span>
          City
        </span>
        <span>
          New York
        </span>
      </td>
      <td
        className="css-0"
        role="gridcell"
      >
        <span>
          Zipcode
        </span>
        <span>
          23458
        </span>
      </td>
      <td
        className="css-0"
        role="gridcell"
      >
        <span>
          State
        </span>
        <span>
          NY
        </span>
      </td>
    </tr>
    <tr
      className="css-0"
      role="row"
    >
      <td
        className="css-0"
        role="gridcell"
      >
        <span>
          First Name
        </span>
        <span>
          K.K.
        </span>
      </td>
      <td
        className="css-0"
        role="gridcell"
      >
        <span>
          Last Name
        </span>
        <span>
          Slider
        </span>
      </td>
      <td
        className="css-0"
        role="gridcell"
      >
        <span>
          Nick Name
        </span>
        <span>
          Totakeke
        </span>
      </td>
      <td
        className="css-0"
        role="gridcell"
      >
        <span>
          Address1
        </span>
        <span>
          Niper Place
        </span>
      </td>
      <td
        className="css-0"
        role="gridcell"
      >
        <span>
          City
        </span>
        <span>
          New York
        </span>
      </td>
      <td
        className="css-0"
        role="gridcell"
      >
        <span>
          Zipcode
        </span>
        <span>
          98765
        </span>
      </td>
      <td
        className="css-0"
        role="gridcell"
      >
        <span>
          State
        </span>
        <span>
          NY
        </span>
      </td>
    </tr>
    <tr
      className="css-0"
      role="row"
    >
      <td
        className="css-0"
        role="gridcell"
      >
        <span>
          First Name
        </span>
        <span>
          Sonny
        </span>
      </td>
      <td
        className="css-0"
        role="gridcell"
      >
        <span>
          Last Name
        </span>
        <span>
          Resetti
        </span>
      </td>
      <td
        className="css-0"
        role="gridcell"
      >
        <span>
          Nick Name
        </span>
        <span>
          Risetto san
        </span>
      </td>
      <td
        className="css-0"
        role="gridcell"
      >
        <span>
          Address1
        </span>
        <span>
          Village Road
        </span>
      </td>
      <td
        className="css-0"
        role="gridcell"
      >
        <span>
          City
        </span>
        <span>
          New York
        </span>
      </td>
      <td
        className="css-0"
        role="gridcell"
      >
        <span>
          Zipcode
        </span>
        <span>
          09873
        </span>
      </td>
      <td
        className="css-0"
        role="gridcell"
      >
        <span>
          State
        </span>
        <span>
          NY
        </span>
      </td>
    </tr>
  </tbody>
</table>
`;

exports[`Table renders the UI snapshot correctly 4`] = `
<table
  className="chakra-table css-1xdhyk6"
  id="withHeaders"
  role="table"
>
  <caption
    className="css-18i7bby"
  >
    this is the caption
  </caption>
  <thead
    className="css-0"
  >
    <tr
      className="css-0"
      role="row"
    >
      <th
        className="css-0"
        scope="col"
      >
        First Name
      </th>
      <th
        className="css-0"
        scope="col"
      >
        Last Name
      </th>
      <th
        className="css-0"
        scope="col"
      >
        Nick Name
      </th>
      <th
        className="css-0"
        scope="col"
      >
        Address1
      </th>
      <th
        className="css-0"
        scope="col"
      >
        City
      </th>
      <th
        className="css-0"
        scope="col"
      >
        Zipcode
      </th>
      <th
        className="css-0"
        scope="col"
      >
        State
      </th>
    </tr>
  </thead>
  <tbody
    className="css-0"
  >
    <tr
      className="css-0"
      role="row"
    >
      <th
        className="css-0"
        scope="row"
      >
        Tom
      </th>
      <td
        className="css-0"
        role="gridcell"
      >
        Nook
      </td>
      <td
        className="css-0"
        role="gridcell"
      >
        Tanukichi
      </td>
      <td
        className="css-0"
        role="gridcell"
      >
        Main Street
      </td>
      <td
        className="css-0"
        role="gridcell"
      >
        New York
      </td>
      <td
        className="css-0"
        role="gridcell"
      >
        23458
      </td>
      <td
        className="css-0"
        role="gridcell"
      >
        NY
      </td>
    </tr>
    <tr
      className="css-0"
      role="row"
    >
      <th
        className="css-0"
        scope="row"
      >
        Isabelle
      </th>
      <td
        className="css-0"
        role="gridcell"
      >
        -
      </td>
      <td
        className="css-0"
        role="gridcell"
      >
        Shizue
      </td>
      <td
        className="css-0"
        role="gridcell"
      >
        Walnut Street
      </td>
      <td
        className="css-0"
        role="gridcell"
      >
        New York
      </td>
      <td
        className="css-0"
        role="gridcell"
      >
        23458
      </td>
      <td
        className="css-0"
        role="gridcell"
      >
        NY
      </td>
    </tr>
    <tr
      className="css-0"
      role="row"
    >
      <th
        className="css-0"
        scope="row"
      >
        K.K.
      </th>
      <td
        className="css-0"
        role="gridcell"
      >
        Slider
      </td>
      <td
        className="css-0"
        role="gridcell"
      >
        Totakeke
      </td>
      <td
        className="css-0"
        role="gridcell"
      >
        Niper Place
      </td>
      <td
        className="css-0"
        role="gridcell"
      >
        New York
      </td>
      <td
        className="css-0"
        role="gridcell"
      >
        98765
      </td>
      <td
        className="css-0"
        role="gridcell"
      >
        NY
      </td>
    </tr>
    <tr
      className="css-0"
      role="row"
    >
      <th
        className="css-0"
        scope="row"
      >
        Sonny
      </th>
      <td
        className="css-0"
        role="gridcell"
      >
        Resetti
      </td>
      <td
        className="css-0"
        role="gridcell"
      >
        Risetto san
      </td>
      <td
        className="css-0"
        role="gridcell"
      >
        Village Road
      </td>
      <td
        className="css-0"
        role="gridcell"
      >
        New York
      </td>
      <td
        className="css-0"
        role="gridcell"
      >
        09873
      </td>
      <td
        className="css-0"
        role="gridcell"
      >
        NY
      </td>
    </tr>
  </tbody>
</table>
`;

exports[`Table renders the UI snapshot correctly 5`] = `
<table
  className="chakra-table css-1xdhyk6"
  id="withHeaders"
  role="table"
>
  <caption
    className="css-18i7bby"
  >
    this is the caption
  </caption>
  <thead
    className="css-0"
  >
    <tr
      className="css-0"
      role="row"
    >
      <th
        className="css-1adspbs"
        scope="col"
      >
        First Name
      </th>
      <th
        className="css-1adspbs"
        scope="col"
      >
        Last Name
      </th>
      <th
        className="css-1adspbs"
        scope="col"
      >
        Nick Name
      </th>
      <th
        className="css-1adspbs"
        scope="col"
      >
        Address1
      </th>
      <th
        className="css-1adspbs"
        scope="col"
      >
        City
      </th>
      <th
        className="css-1adspbs"
        scope="col"
      >
        Zipcode
      </th>
      <th
        className="css-1adspbs"
        scope="col"
      >
        State
      </th>
    </tr>
  </thead>
  <tbody
    className="css-0"
  >
    <tr
      className="css-0"
      role="row"
    >
      <th
        className="css-0"
        scope="row"
      >
        <span>
          First Name
        </span>
        <span>
          Tom
        </span>
      </th>
      <td
        className="css-0"
        role="gridcell"
      >
        <span>
          Last Name
        </span>
        <span>
          Nook
        </span>
      </td>
      <td
        className="css-0"
        role="gridcell"
      >
        <span>
          Nick Name
        </span>
        <span>
          Tanukichi
        </span>
      </td>
      <td
        className="css-0"
        role="gridcell"
      >
        <span>
          Address1
        </span>
        <span>
          Main Street
        </span>
      </td>
      <td
        className="css-0"
        role="gridcell"
      >
        <span>
          City
        </span>
        <span>
          New York
        </span>
      </td>
      <td
        className="css-0"
        role="gridcell"
      >
        <span>
          Zipcode
        </span>
        <span>
          23458
        </span>
      </td>
      <td
        className="css-0"
        role="gridcell"
      >
        <span>
          State
        </span>
        <span>
          NY
        </span>
      </td>
    </tr>
    <tr
      className="css-0"
      role="row"
    >
      <th
        className="css-0"
        scope="row"
      >
        <span>
          First Name
        </span>
        <span>
          Isabelle
        </span>
      </th>
      <td
        className="css-0"
        role="gridcell"
      >
        <span>
          Last Name
        </span>
        <span>
          -
        </span>
      </td>
      <td
        className="css-0"
        role="gridcell"
      >
        <span>
          Nick Name
        </span>
        <span>
          Shizue
        </span>
      </td>
      <td
        className="css-0"
        role="gridcell"
      >
        <span>
          Address1
        </span>
        <span>
          Walnut Street
        </span>
      </td>
      <td
        className="css-0"
        role="gridcell"
      >
        <span>
          City
        </span>
        <span>
          New York
        </span>
      </td>
      <td
        className="css-0"
        role="gridcell"
      >
        <span>
          Zipcode
        </span>
        <span>
          23458
        </span>
      </td>
      <td
        className="css-0"
        role="gridcell"
      >
        <span>
          State
        </span>
        <span>
          NY
        </span>
      </td>
    </tr>
    <tr
      className="css-0"
      role="row"
    >
      <th
        className="css-0"
        scope="row"
      >
        <span>
          First Name
        </span>
        <span>
          K.K.
        </span>
      </th>
      <td
        className="css-0"
        role="gridcell"
      >
        <span>
          Last Name
        </span>
        <span>
          Slider
        </span>
      </td>
      <td
        className="css-0"
        role="gridcell"
      >
        <span>
          Nick Name
        </span>
        <span>
          Totakeke
        </span>
      </td>
      <td
        className="css-0"
        role="gridcell"
      >
        <span>
          Address1
        </span>
        <span>
          Niper Place
        </span>
      </td>
      <td
        className="css-0"
        role="gridcell"
      >
        <span>
          City
        </span>
        <span>
          New York
        </span>
      </td>
      <td
        className="css-0"
        role="gridcell"
      >
        <span>
          Zipcode
        </span>
        <span>
          98765
        </span>
      </td>
      <td
        className="css-0"
        role="gridcell"
      >
        <span>
          State
        </span>
        <span>
          NY
        </span>
      </td>
    </tr>
    <tr
      className="css-0"
      role="row"
    >
      <th
        className="css-0"
        scope="row"
      >
        <span>
          First Name
        </span>
        <span>
          Sonny
        </span>
      </th>
      <td
        className="css-0"
        role="gridcell"
      >
        <span>
          Last Name
        </span>
        <span>
          Resetti
        </span>
      </td>
      <td
        className="css-0"
        role="gridcell"
      >
        <span>
          Nick Name
        </span>
        <span>
          Risetto san
        </span>
      </td>
      <td
        className="css-0"
        role="gridcell"
      >
        <span>
          Address1
        </span>
        <span>
          Village Road
        </span>
      </td>
      <td
        className="css-0"
        role="gridcell"
      >
        <span>
          City
        </span>
        <span>
          New York
        </span>
      </td>
      <td
        className="css-0"
        role="gridcell"
      >
        <span>
          Zipcode
        </span>
        <span>
          09873
        </span>
      </td>
      <td
        className="css-0"
        role="gridcell"
      >
        <span>
          State
        </span>
        <span>
          NY
        </span>
      </td>
    </tr>
  </tbody>
</table>
`;

exports[`Table renders the UI snapshot correctly 6`] = `
<table
  className="chakra-table css-kle7zy"
  id="chakra"
  role="table"
>
  <thead
    className="css-0"
  >
    <tr
      className="css-0"
      role="row"
    >
      <th
        className="css-0"
        scope="col"
      >
        First Name
      </th>
      <th
        className="css-0"
        scope="col"
      >
        Last Name
      </th>
      <th
        className="css-0"
        scope="col"
      >
        Nick Name
      </th>
      <th
        className="css-0"
        scope="col"
      >
        Address1
      </th>
      <th
        className="css-0"
        scope="col"
      >
        City
      </th>
      <th
        className="css-0"
        scope="col"
      >
        Zipcode
      </th>
      <th
        className="css-0"
        scope="col"
      >
        State
      </th>
    </tr>
  </thead>
  <tbody
    className="css-0"
  >
    <tr
      className="css-0"
      role="row"
    >
      <td
        className="css-0"
        role="gridcell"
      >
        Tom
      </td>
      <td
        className="css-0"
        role="gridcell"
      >
        Nook
      </td>
      <td
        className="css-0"
        role="gridcell"
      >
        Tanukichi
      </td>
      <td
        className="css-0"
        role="gridcell"
      >
        Main Street
      </td>
      <td
        className="css-0"
        role="gridcell"
      >
        New York
      </td>
      <td
        className="css-0"
        role="gridcell"
      >
        23458
      </td>
      <td
        className="css-0"
        role="gridcell"
      >
        NY
      </td>
    </tr>
    <tr
      className="css-0"
      role="row"
    >
      <td
        className="css-0"
        role="gridcell"
      >
        Isabelle
      </td>
      <td
        className="css-0"
        role="gridcell"
      >
        -
      </td>
      <td
        className="css-0"
        role="gridcell"
      >
        Shizue
      </td>
      <td
        className="css-0"
        role="gridcell"
      >
        Walnut Street
      </td>
      <td
        className="css-0"
        role="gridcell"
      >
        New York
      </td>
      <td
        className="css-0"
        role="gridcell"
      >
        23458
      </td>
      <td
        className="css-0"
        role="gridcell"
      >
        NY
      </td>
    </tr>
    <tr
      className="css-0"
      role="row"
    >
      <td
        className="css-0"
        role="gridcell"
      >
        K.K.
      </td>
      <td
        className="css-0"
        role="gridcell"
      >
        Slider
      </td>
      <td
        className="css-0"
        role="gridcell"
      >
        Totakeke
      </td>
      <td
        className="css-0"
        role="gridcell"
      >
        Niper Place
      </td>
      <td
        className="css-0"
        role="gridcell"
      >
        New York
      </td>
      <td
        className="css-0"
        role="gridcell"
      >
        98765
      </td>
      <td
        className="css-0"
        role="gridcell"
      >
        NY
      </td>
    </tr>
    <tr
      className="css-0"
      role="row"
    >
      <td
        className="css-0"
        role="gridcell"
      >
        Sonny
      </td>
      <td
        className="css-0"
        role="gridcell"
      >
        Resetti
      </td>
      <td
        className="css-0"
        role="gridcell"
      >
        Risetto san
      </td>
      <td
        className="css-0"
        role="gridcell"
      >
        Village Road
      </td>
      <td
        className="css-0"
        role="gridcell"
      >
        New York
      </td>
      <td
        className="css-0"
        role="gridcell"
      >
        09873
      </td>
      <td
        className="css-0"
        role="gridcell"
      >
        NY
      </td>
    </tr>
  </tbody>
</table>
`;

exports[`Table renders the UI snapshot correctly 7`] = `
<table
  className="chakra-table css-1xdhyk6"
  data-testid="props"
  id="props"
  role="table"
>
  <thead
    className="css-0"
  >
    <tr
      className="css-0"
      role="row"
    >
      <th
        className="css-0"
        scope="col"
      >
        First Name
      </th>
      <th
        className="css-0"
        scope="col"
      >
        Last Name
      </th>
      <th
        className="css-0"
        scope="col"
      >
        Nick Name
      </th>
      <th
        className="css-0"
        scope="col"
      >
        Address1
      </th>
      <th
        className="css-0"
        scope="col"
      >
        City
      </th>
      <th
        className="css-0"
        scope="col"
      >
        Zipcode
      </th>
      <th
        className="css-0"
        scope="col"
      >
        State
      </th>
    </tr>
  </thead>
  <tbody
    className="css-0"
  >
    <tr
      className="css-0"
      role="row"
    >
      <td
        className="css-0"
        role="gridcell"
      >
        <span>
          First Name
        </span>
        <span>
          Tom
        </span>
      </td>
      <td
        className="css-0"
        role="gridcell"
      >
        <span>
          Last Name
        </span>
        <span>
          Nook
        </span>
      </td>
      <td
        className="css-0"
        role="gridcell"
      >
        <span>
          Nick Name
        </span>
        <span>
          Tanukichi
        </span>
      </td>
      <td
        className="css-0"
        role="gridcell"
      >
        <span>
          Address1
        </span>
        <span>
          Main Street
        </span>
      </td>
      <td
        className="css-0"
        role="gridcell"
      >
        <span>
          City
        </span>
        <span>
          New York
        </span>
      </td>
      <td
        className="css-0"
        role="gridcell"
      >
        <span>
          Zipcode
        </span>
        <span>
          23458
        </span>
      </td>
      <td
        className="css-0"
        role="gridcell"
      >
        <span>
          State
        </span>
        <span>
          NY
        </span>
      </td>
    </tr>
    <tr
      className="css-0"
      role="row"
    >
      <td
        className="css-0"
        role="gridcell"
      >
        <span>
          First Name
        </span>
        <span>
          Isabelle
        </span>
      </td>
      <td
        className="css-0"
        role="gridcell"
      >
        <span>
          Last Name
        </span>
        <span>
          -
        </span>
      </td>
      <td
        className="css-0"
        role="gridcell"
      >
        <span>
          Nick Name
        </span>
        <span>
          Shizue
        </span>
      </td>
      <td
        className="css-0"
        role="gridcell"
      >
        <span>
          Address1
        </span>
        <span>
          Walnut Street
        </span>
      </td>
      <td
        className="css-0"
        role="gridcell"
      >
        <span>
          City
        </span>
        <span>
          New York
        </span>
      </td>
      <td
        className="css-0"
        role="gridcell"
      >
        <span>
          Zipcode
        </span>
        <span>
          23458
        </span>
      </td>
      <td
        className="css-0"
        role="gridcell"
      >
        <span>
          State
        </span>
        <span>
          NY
        </span>
      </td>
    </tr>
    <tr
      className="css-0"
      role="row"
    >
      <td
        className="css-0"
        role="gridcell"
      >
        <span>
          First Name
        </span>
        <span>
          K.K.
        </span>
      </td>
      <td
        className="css-0"
        role="gridcell"
      >
        <span>
          Last Name
        </span>
        <span>
          Slider
        </span>
      </td>
      <td
        className="css-0"
        role="gridcell"
      >
        <span>
          Nick Name
        </span>
        <span>
          Totakeke
        </span>
      </td>
      <td
        className="css-0"
        role="gridcell"
      >
        <span>
          Address1
        </span>
        <span>
          Niper Place
        </span>
      </td>
      <td
        className="css-0"
        role="gridcell"
      >
        <span>
          City
        </span>
        <span>
          New York
        </span>
      </td>
      <td
        className="css-0"
        role="gridcell"
      >
        <span>
          Zipcode
        </span>
        <span>
          98765
        </span>
      </td>
      <td
        className="css-0"
        role="gridcell"
      >
        <span>
          State
        </span>
        <span>
          NY
        </span>
      </td>
    </tr>
    <tr
      className="css-0"
      role="row"
    >
      <td
        className="css-0"
        role="gridcell"
      >
        <span>
          First Name
        </span>
        <span>
          Sonny
        </span>
      </td>
      <td
        className="css-0"
        role="gridcell"
      >
        <span>
          Last Name
        </span>
        <span>
          Resetti
        </span>
      </td>
      <td
        className="css-0"
        role="gridcell"
      >
        <span>
          Nick Name
        </span>
        <span>
          Risetto san
        </span>
      </td>
      <td
        className="css-0"
        role="gridcell"
      >
        <span>
          Address1
        </span>
        <span>
          Village Road
        </span>
      </td>
      <td
        className="css-0"
        role="gridcell"
      >
        <span>
          City
        </span>
        <span>
          New York
        </span>
      </td>
      <td
        className="css-0"
        role="gridcell"
      >
        <span>
          Zipcode
        </span>
        <span>
          09873
        </span>
      </td>
      <td
        className="css-0"
        role="gridcell"
      >
        <span>
          State
        </span>
        <span>
          NY
        </span>
      </td>
    </tr>
  </tbody>
</table>
`;

exports[`Table renders the UI snapshot correctly 8`] = `
<table
  className="chakra-table css-1xdhyk6"
  id="jsx-example"
  role="table"
>
  <thead
    className="css-0"
  >
    <tr
      className="css-0"
      role="row"
    >
      <th
        className="css-0"
        scope="col"
      >
        First Name
      </th>
      <th
        className="css-0"
        scope="col"
      >
        Last Name
      </th>
      <th
        className="css-0"
        scope="col"
      >
        Avatar
      </th>
    </tr>
  </thead>
  <tbody
    className="css-0"
  >
    <tr
      className="css-0"
      role="row"
    >
      <td
        className="css-0"
        role="gridcell"
      >
        Tom
      </td>
      <td
        className="css-0"
        role="gridcell"
      >
        Nook
      </td>
      <td
        className="css-0"
        role="gridcell"
      >
        <img
          alt="Tom Nook"
          className="css-0"
          src="https://play.nintendo.com/images/AC_Tom_FRYtwIN.17345b1513ac044897cfc243542899dce541e8dc.9afde10b.png"
        />
      </td>
    </tr>
    <tr
      className="css-0"
      role="row"
    >
      <td
        className="css-0"
        role="gridcell"
      >
        Isabelle
      </td>
      <td
        className="css-0"
        role="gridcell"
      >
        -
      </td>
      <td
        className="css-0"
        role="gridcell"
      >
        <img
          alt="Isabelle"
          className="css-0"
          src="https://play.nintendo.com/images/AC_Isabelle_7XU6aGu.17345b1513ac044897cfc243542899dce541e8dc.9afde10b.png"
        />
      </td>
    </tr>
    <tr
      className="css-0"
      role="row"
    >
      <td
        className="css-0"
        role="gridcell"
      >
        K.K.
      </td>
      <td
        className="css-0"
        role="gridcell"
      >
        Slider
      </td>
      <td
        className="css-0"
        role="gridcell"
      >
        <img
          alt="K.K Slider"
          className="css-0"
          src="https://play.nintendo.com/images/AC_KK_jh4yj5t.17345b1513ac044897cfc243542899dce541e8dc.9afde10b.png"
        />
      </td>
    </tr>
  </tbody>
</table>
`;
